2026-01-04 03:14:01 +0000  Initial pipeline context: <IDEDistributionProcessingPipelineContext: 0x335c73770; archive(resolved)="<IDEArchive: 0x60002631bdb0>", distributionTask(resolved)="2", distributionDestination(resolved)="1", distributionMethod(resolved)="<IDEDistributionMethodiOSAdHoc: 0x6000049d59c0>", team(resolved)="<IDEProvisioningDisambiguatableBasicTeam: 0x600065e920c0; teamID='8UT7U3MV6X', teamName='Tochishita Haruki', teamType='Individual', username='tochi.haruki@gmail.com', isFreeProvisioningTeam='0'>">
	Chain (16, self inclusive):
	<IDEDistributionProcessingPipelineContext: 0x335c73770; archive = "<IDEArchive: 0x60002631bdb0>", distributionMethod="<IDEDistributionMethodiOSAdHoc: 0x6000049d59c0>", team="<IDEProvisioningDisambiguatableBasicTeam: 0x600065e920c0; teamID='8UT7U3MV6X', teamName='Tochishita Haruki', teamType='Individual', username='tochi.haruki@gmail.com', isFreeProvisioningTeam='0'>">
	<IDEDistributionProcessingPipelineContext: 0x334610fc0; archive = "<IDEArchive: 0x60002631bdb0>", distributionMethod="<IDEDistributionMethodiOSAdHoc: 0x6000049d59c0>", team="<IDEProvisioningDisambiguatableBasicTeam: 0x600065e920c0; teamID='8UT7U3MV6X', teamName='Tochishita Haruki', teamType='Individual', username='tochi.haruki@gmail.com', isFreeProvisioningTeam='0'>">
	<IDEDistributionContext: 0x163c3c2f0; archive = "<IDEArchive: 0x60002631bdb0>", distributionMethod="<IDEDistributionMethodiOSAdHoc: 0x6000049d59c0>", team="<IDEProvisioningDisambiguatableBasicTeam: 0x600065e920c0; teamID='8UT7U3MV6X', teamName='Tochishita Haruki', teamType='Individual', username='tochi.haruki@gmail.com', isFreeProvisioningTeam='0'>">
	<IDEDistributionContext: 0x344bf48f0; archive = "<IDEArchive: 0x60002631bdb0>", distributionMethod="<IDEDistributionMethodiOSAdHoc: 0x6000049d59c0>", team="<IDEProvisioningDisambiguatableBasicTeam: 0x600065e920c0; teamID='8UT7U3MV6X', teamName='Tochishita Haruki', teamType='Individual', username='tochi.haruki@gmail.com', isFreeProvisioningTeam='0'>">
	<IDEDistributionContext: 0x3399ff210; archive = "<IDEArchive: 0x60002631bdb0>", distributionMethod="<IDEDistributionMethodiOSAdHoc: 0x6000049d59c0>", team="<IDEProvisioningDisambiguatableBasicTeam: 0x600065e920c0; teamID='8UT7U3MV6X', teamName='Tochishita Haruki', teamType='Individual', username='tochi.haruki@gmail.com', isFreeProvisioningTeam='0'>">
	<IDEDistributionContext: 0x34658a990; archive = "<IDEArchive: 0x60002631bdb0>", distributionMethod="<IDEDistributionMethodiOSAdHoc: 0x6000049d59c0>", team="<IDEProvisioningDisambiguatableBasicTeam: 0x600065e920c0; teamID='8UT7U3MV6X', teamName='Tochishita Haruki', teamType='Individual', username='tochi.haruki@gmail.com', isFreeProvisioningTeam='0'>">
	<IDEDistributionContext: 0x32eb87540; archive = "<IDEArchive: 0x60002631bdb0>", distributionMethod="<IDEDistributionMethodiOSAdHoc: 0x6000049d59c0>", team="<IDEProvisioningDisambiguatableBasicTeam: 0x600065e920c0; teamID='8UT7U3MV6X', teamName='Tochishita Haruki', teamType='Individual', username='tochi.haruki@gmail.com', isFreeProvisioningTeam='0'>">
	<IDEDistributionContext: 0x32ebef9e0; archive = "<IDEArchive: 0x60002631bdb0>", distributionMethod="<IDEDistributionMethodiOSAdHoc: 0x6000049d59c0>", team="<IDEProvisioningDisambiguatableBasicTeam: 0x600065e920c0; teamID='8UT7U3MV6X', teamName='Tochishita Haruki', teamType='Individual', username='tochi.haruki@gmail.com', isFreeProvisioningTeam='0'>">
	<IDEDistributionContext: 0x32eb9ecc0; archive = "<IDEArchive: 0x60002631bdb0>", distributionMethod="<IDEDistributionMethodiOSAdHoc: 0x6000049d59c0>", team="<IDEProvisioningDisambiguatableBasicTeam: 0x600065e920c0; teamID='8UT7U3MV6X', teamName='Tochishita Haruki', teamType='Individual', username='tochi.haruki@gmail.com', isFreeProvisioningTeam='0'>">
	<IDEDistributionContext: 0x3464de1a0; archive = "<IDEArchive: 0x60002631bdb0>", distributionMethod="<IDEDistributionMethodiOSAdHoc: 0x6000049d59c0>", team="(null)">
	<IDEDistributionContext: 0x32eb8cb70; archive = "<IDEArchive: 0x60002631bdb0>", distributionMethod="<IDEDistributionMethodiOSAdHoc: 0x6000049d59c0>", team="(null)">
	<IDEDistributionContext: 0x32eb1e080; archive = "<IDEArchive: 0x60002631bdb0>", distributionMethod="<IDEDistributionMethodiOSAdHoc: 0x6000049d59c0>", team="(null)">
	<IDEDistributionContext: 0x32801fb90; archive = "<IDEArchive: 0x60002631bdb0>", distributionMethod="<IDEDistributionMethodiOSAdHoc: 0x6000049d59c0>", team="(null)">
	<IDEDistributionContext: 0x32e854d80; archive = "<IDEArchive: 0x60002631bdb0>", distributionMethod="(null)", team="(null)">
	<IDEDistributionContext: 0x32ebfaf80; archive = "<IDEArchive: 0x60002631bdb0>", distributionMethod="(null)", team="(null)">
	<IDEDistributionContext: 0x344ba5040; archive = "<IDEArchive: 0x60002631bdb0>", distributionMethod="(null)", team="(null)">
</IDEDistributionProcessingPipelineContext: 0x335c73770>
2026-01-04 03:14:01 +0000  Processing step: IDEDistributionCreateDestRootStep
2026-01-04 03:14:01 +0000  Processing step: IDEDistributionCopyItemStep
2026-01-04 03:14:01 +0000  Running /usr/bin/ditto '-V' '/Users/tochishitaharuki/Library/Developer/Xcode/Archives/2026-01-04/ForexForecast 2026-01-04, 12.13.xcarchive/Products/Applications/ForexForecast.app' '/var/folders/vn/0mx5d9117m109zfd180yswfm0000gq/T/XcodeDistPipeline.~~~3bzxPT/Root/Payload/ForexForecast.app'
2026-01-04 03:14:02 +0000  >>> Copying /Users/tochishitaharuki/Library/Developer/Xcode/Archives/2026-01-04/ForexForecast 2026-01-04, 12.13.xcarchive/Products/Applications/ForexForecast.app 
2026-01-04 03:14:02 +0000  copying file ./_CodeSignature/CodeResources ... 
2026-01-04 03:14:02 +0000  10997 bytes for ./_CodeSignature/CodeResources
2026-01-04 03:14:02 +0000  copying file ./Firebase_FirebaseCore.bundle/PrivacyInfo.xcprivacy ... 
2026-01-04 03:14:02 +0000  855 bytes for ./Firebase_FirebaseCore.bundle/PrivacyInfo.xcprivacy
2026-01-04 03:14:02 +0000  copying file ./Firebase_FirebaseCore.bundle/Info.plist ... 
2026-01-04 03:14:02 +0000  698 bytes for ./Firebase_FirebaseCore.bundle/Info.plist
2026-01-04 03:14:02 +0000  copying file ./nanopb_nanopb.bundle/PrivacyInfo.xcprivacy ... 
2026-01-04 03:14:02 +0000  374 bytes for ./nanopb_nanopb.bundle/PrivacyInfo.xcprivacy
2026-01-04 03:14:02 +0000  copying file ./nanopb_nanopb.bundle/Info.plist ... 
2026-01-04 03:14:02 +0000  672 bytes for ./nanopb_nanopb.bundle/Info.plist
2026-01-04 03:14:02 +0000  copying file ./GoogleUtilities_GoogleUtilities-AppDelegateSwizzler.bundle/PrivacyInfo.xcprivacy ... 
2026-01-04 03:14:02 +0000  478 bytes for ./GoogleUtilities_GoogleUtilities-AppDelegateSwizzler.bundle/PrivacyInfo.xcprivacy
2026-01-04 03:14:02 +0000  copying file ./GoogleUtilities_GoogleUtilities-AppDelegateSwizzler.bundle/Info.plist ... 
2026-01-04 03:14:02 +0000  750 bytes for ./GoogleUtilities_GoogleUtilities-AppDelegateSwizzler.bundle/Info.plist
2026-01-04 03:14:02 +0000  copying file ./GoogleUtilities_GoogleUtilities-NSData.bundle/PrivacyInfo.xcprivacy ... 
2026-01-04 03:14:02 +0000  478 bytes for ./GoogleUtilities_GoogleUtilities-NSData.bundle/PrivacyInfo.xcprivacy
2026-01-04 03:14:02 +0000  copying file ./GoogleUtilities_GoogleUtilities-NSData.bundle/Info.plist ... 
2026-01-04 03:14:02 +0000  724 bytes for ./GoogleUtilities_GoogleUtilities-NSData.bundle/Info.plist
2026-01-04 03:14:02 +0000  copying file ./Firebase_FirebaseInstallations.bundle/PrivacyInfo.xcprivacy ... 
2026-01-04 03:14:02 +0000  1105 bytes for ./Firebase_FirebaseInstallations.bundle/PrivacyInfo.xcprivacy
2026-01-04 03:14:02 +0000  copying file ./Firebase_FirebaseInstallations.bundle/Info.plist ... 
2026-01-04 03:14:02 +0000  716 bytes for ./Firebase_FirebaseInstallations.bundle/Info.plist
2026-01-04 03:14:02 +0000  copying file ./lightweight-charts.js ... 
2026-01-04 03:14:02 +0000  160094 bytes for ./lightweight-charts.js
2026-01-04 03:14:02 +0000  copying file ./Firebase_FirebaseCoreInternal.bundle/PrivacyInfo.xcprivacy ... 
2026-01-04 03:14:02 +0000  855 bytes for ./Firebase_FirebaseCoreInternal.bundle/PrivacyInfo.xcprivacy
2026-01-04 03:14:02 +0000  copying file ./Firebase_FirebaseCoreInternal.bundle/Info.plist ... 
2026-01-04 03:14:02 +0000  714 bytes for ./Firebase_FirebaseCoreInternal.bundle/Info.plist
2026-01-04 03:14:02 +0000  copying file ./GoogleUtilities_GoogleUtilities-Logger.bundle/PrivacyInfo.xcprivacy ... 
2026-01-04 03:14:02 +0000  478 bytes for ./GoogleUtilities_GoogleUtilities-Logger.bundle/PrivacyInfo.xcprivacy
2026-01-04 03:14:02 +0000  copying file ./GoogleUtilities_GoogleUtilities-Logger.bundle/Info.plist ... 
2026-01-04 03:14:02 +0000  724 bytes for ./GoogleUtilities_GoogleUtilities-Logger.bundle/Info.plist
2026-01-04 03:14:02 +0000  copying file ./GoogleUtilities_GoogleUtilities-Reachability.bundle/PrivacyInfo.xcprivacy ... 
2026-01-04 03:14:02 +0000  478 bytes for ./GoogleUtilities_GoogleUtilities-Reachability.bundle/PrivacyInfo.xcprivacy
2026-01-04 03:14:02 +0000  copying file ./GoogleUtilities_GoogleUtilities-Reachability.bundle/Info.plist ... 
2026-01-04 03:14:02 +0000  736 bytes for ./GoogleUtilities_GoogleUtilities-Reachability.bundle/Info.plist
2026-01-04 03:14:02 +0000  copying file ./Firebase_FirebaseMessaging.bundle/PrivacyInfo.xcprivacy ... 
2026-01-04 03:14:02 +0000  2357 bytes for ./Firebase_FirebaseMessaging.bundle/PrivacyInfo.xcprivacy
2026-01-04 03:14:02 +0000  copying file ./Firebase_FirebaseMessaging.bundle/Info.plist ... 
2026-01-04 03:14:02 +0000  708 bytes for ./Firebase_FirebaseMessaging.bundle/Info.plist
2026-01-04 03:14:02 +0000  copying file ./GoogleService-Info.plist ... 
2026-01-04 03:14:02 +0000  480 bytes for ./GoogleService-Info.plist
2026-01-04 03:14:02 +0000  copying file ./GoogleDataTransport_GoogleDataTransport.bundle/PrivacyInfo.xcprivacy ... 
2026-01-04 03:14:02 +0000  1105 bytes for ./GoogleDataTransport_GoogleDataTransport.bundle/PrivacyInfo.xcprivacy
2026-01-04 03:14:02 +0000  copying file ./GoogleDataTransport_GoogleDataTransport.bundle/Info.plist ... 
2026-01-04 03:14:02 +0000  726 bytes for ./GoogleDataTransport_GoogleDataTransport.bundle/Info.plist
2026-01-04 03:14:02 +0000  copying file ./Promises_FBLPromises.bundle/PrivacyInfo.xcprivacy ... 
2026-01-04 03:14:02 +0000  373 bytes for ./Promises_FBLPromises.bundle/PrivacyInfo.xcprivacy
2026-01-04 03:14:02 +0000  copying file ./Promises_FBLPromises.bundle/Info.plist ... 
2026-01-04 03:14:02 +0000  688 bytes for ./Promises_FBLPromises.bundle/Info.plist
2026-01-04 03:14:02 +0000  copying file ./GoogleUtilities_GoogleUtilities-Network.bundle/PrivacyInfo.xcprivacy ... 
2026-01-04 03:14:02 +0000  856 bytes for ./GoogleUtilities_GoogleUtilities-Network.bundle/PrivacyInfo.xcprivacy
2026-01-04 03:14:02 +0000  copying file ./GoogleUtilities_GoogleUtilities-Network.bundle/Info.plist ... 
2026-01-04 03:14:02 +0000  726 bytes for ./GoogleUtilities_GoogleUtilities-Network.bundle/Info.plist
2026-01-04 03:14:02 +0000  copying file ./ForexForecast ... 
2026-01-04 03:14:02 +0000  993712 bytes for ./ForexForecast
2026-01-04 03:14:02 +0000  copying file ./GoogleUtilities_GoogleUtilities-UserDefaults.bundle/PrivacyInfo.xcprivacy ... 
2026-01-04 03:14:02 +0000  911 bytes for ./GoogleUtilities_GoogleUtilities-UserDefaults.bundle/PrivacyInfo.xcprivacy
2026-01-04 03:14:02 +0000  copying file ./GoogleUtilities_GoogleUtilities-UserDefaults.bundle/Info.plist ... 
2026-01-04 03:14:02 +0000  736 bytes for ./GoogleUtilities_GoogleUtilities-UserDefaults.bundle/Info.plist
2026-01-04 03:14:02 +0000  copying file ./GoogleUtilities_GoogleUtilities-Environment.bundle/PrivacyInfo.xcprivacy ... 
2026-01-04 03:14:02 +0000  855 bytes for ./GoogleUtilities_GoogleUtilities-Environment.bundle/PrivacyInfo.xcprivacy
2026-01-04 03:14:02 +0000  copying file ./GoogleUtilities_GoogleUtilities-Environment.bundle/Info.plist ... 
2026-01-04 03:14:02 +0000  734 bytes for ./GoogleUtilities_GoogleUtilities-Environment.bundle/Info.plist
2026-01-04 03:14:02 +0000  copying file ./embedded.mobileprovision ... 
2026-01-04 03:14:02 +0000  12220 bytes for ./embedded.mobileprovision
2026-01-04 03:14:02 +0000  copying file ./Info.plist ... 
2026-01-04 03:14:02 +0000  1305 bytes for ./Info.plist
2026-01-04 03:14:02 +0000  copying file ./PkgInfo ... 
2026-01-04 03:14:02 +0000  8 bytes for ./PkgInfo
2026-01-04 03:14:02 +0000  /usr/bin/ditto exited with 0
2026-01-04 03:14:02 +0000  Processing step: IDEDistributionEmbedProfileStep
2026-01-04 03:14:02 +0000  Processing step: IDEDistributionInfoPlistStep
2026-01-04 03:14:02 +0000  Skipping step: IDEDistributionInfoPlistStep because it said so
2026-01-04 03:14:02 +0000  Processing step: IDEDistributionAppThinningPlistStep
2026-01-04 03:14:02 +0000  Skipping step: IDEDistributionAppThinningPlistStep because it said so
2026-01-04 03:14:02 +0000  Processing step: IDEDistributionSymbolsStep
2026-01-04 03:14:02 +0000  Skipping step: IDEDistributionSymbolsStep because it said so
2026-01-04 03:14:02 +0000  Processing step: IDEDistributionAppThinningStep
2026-01-04 03:14:02 +0000  Skipping step: IDEDistributionAppThinningStep because it said so
2026-01-04 03:14:02 +0000  Processing step: IDEDistributionArchThinningStep
2026-01-04 03:14:02 +0000  Item /Users/tochishitaharuki/Library/Developer/Xcode/Archives/2026-01-04/ForexForecast 2026-01-04, 12.13.xcarchive/Products/Applications/ForexForecast.app doesn't have the entitlement com.apple.developer.web-browser-engine.host enabled, returning ["arm64e"]
2026-01-04 03:14:02 +0000  Archs to thin for item /Users/tochishitaharuki/Library/Developer/Xcode/Archives/2026-01-04/ForexForecast 2026-01-04, 12.13.xcarchive/Products/Applications/ForexForecast.app are ["arm64e"]
2026-01-04 03:14:02 +0000  Running /Applications/Xcode.app/Contents/Developer/Toolchains/XcodeDefault.xctoolchain/usr/bin/lipo '/var/folders/vn/0mx5d9117m109zfd180yswfm0000gq/T/XcodeDistPipeline.~~~3bzxPT/Root/Payload/ForexForecast.app/ForexForecast' '-verify_arch' 'arm64e'
2026-01-04 03:14:02 +0000  /Applications/Xcode.app/Contents/Developer/Toolchains/XcodeDefault.xctoolchain/usr/bin/lipo exited with 1
2026-01-04 03:14:02 +0000  Skipping architecture thinning for item "ForexForecast" because arch "arm64e" wasn't found
2026-01-04 03:14:02 +0000  Processing step: IDEDistributionODRStep
2026-01-04 03:14:02 +0000  Processing step: IDEDistributionStripXattrsStep
2026-01-04 03:14:02 +0000  Skipping stripping extended attributes because the codesign step will strip them.
2026-01-04 03:14:02 +0000  Processing step: IDEDistributionCodesignStep
2026-01-04 03:14:02 +0000  Entitlements for <IDEDistributionItem: 0x600062f1b120; bundleID='com.haruki.ForexForecast', path='<DVTFilePath:0x6000162155e0:'/Users/tochishitaharuki/Library/Developer/Xcode/Archives/2026-01-04/ForexForecast 2026-01-04, 12.13.xcarchive/Products/Applications/ForexForecast.app'>', codeSigningInfo='<_DVTCodeSigningInformation_Path: 0x60003ab260d0; isSigned='1', isAdHocSigned='0', signingCertificate='<DVTSigningCertificate: 0x600013ed9680; name='Apple Development: Tochishita Haruki (4VAR6U574L)', hash='DE7B7D3EBED59EEA54912A9700041A1DFE22E8C1', serialNumber='281474C60721129FA90B8292A3EA6A2A', certificateKinds='(
    "1.2.840.113635.100.6.1.12",
    "1.2.840.113635.100.6.1.2"
), issueDate='2025-11-21 23:07:25 +0000''>', entitlements='{
    "application-identifier" = "8UT7U3MV6X.com.haruki.ForexForecast";
    "com.apple.developer.team-identifier" = 8UT7U3MV6X;
    "get-task-allow" = 1;
}', teamID='8UT7U3MV6X', identifier='com.haruki.ForexForecast', executablePath='<DVTFilePath:0x60005af501e0:'/Users/tochishitaharuki/Library/Developer/Xcode/Archives/2026-01-04/ForexForecast 2026-01-04, 12.13.xcarchive/Products/Applications/ForexForecast.app/ForexForecast'>', hardenedRuntime='1'>'>: {
    "application-identifier" = "8UT7U3MV6X.com.haruki.ForexForecast";
    "com.apple.developer.team-identifier" = 8UT7U3MV6X;
    "get-task-allow" = 0;
}
2026-01-04 03:14:02 +0000  Associated App Clip Identifiers Filter: Skipping because "com.apple.developer.associated-appclip-app-identifiers" is not present
2026-01-04 03:14:02 +0000  Entitlements for <IDEDistributionItem: 0x600062f1b120; bundleID='com.haruki.ForexForecast', path='<DVTFilePath:0x6000162155e0:'/Users/tochishitaharuki/Library/Developer/Xcode/Archives/2026-01-04/ForexForecast 2026-01-04, 12.13.xcarchive/Products/Applications/ForexForecast.app'>', codeSigningInfo='<_DVTCodeSigningInformation_Path: 0x60003ab260d0; isSigned='1', isAdHocSigned='0', signingCertificate='<DVTSigningCertificate: 0x600013ed8900; name='Apple Development: Tochishita Haruki (4VAR6U574L)', hash='DE7B7D3EBED59EEA54912A9700041A1DFE22E8C1', serialNumber='281474C60721129FA90B8292A3EA6A2A', certificateKinds='(
    "1.2.840.113635.100.6.1.12",
    "1.2.840.113635.100.6.1.2"
), issueDate='2025-11-21 23:07:25 +0000''>', entitlements='{
    "application-identifier" = "8UT7U3MV6X.com.haruki.ForexForecast";
    "com.apple.developer.team-identifier" = 8UT7U3MV6X;
    "get-task-allow" = 1;
}', teamID='8UT7U3MV6X', identifier='com.haruki.ForexForecast', executablePath='<DVTFilePath:0x60005af501e0:'/Users/tochishitaharuki/Library/Developer/Xcode/Archives/2026-01-04/ForexForecast 2026-01-04, 12.13.xcarchive/Products/Applications/ForexForecast.app/ForexForecast'>', hardenedRuntime='1'>'> are: {
    "application-identifier" = "8UT7U3MV6X.com.haruki.ForexForecast";
    "com.apple.developer.team-identifier" = 8UT7U3MV6X;
    "get-task-allow" = 0;
}
2026-01-04 03:14:02 +0000  Writing entitlements for <IDEDistributionItem: 0x600062f1b120; bundleID='com.haruki.ForexForecast', path='<DVTFilePath:0x6000162155e0:'/Users/tochishitaharuki/Library/Developer/Xcode/Archives/2026-01-04/ForexForecast 2026-01-04, 12.13.xcarchive/Products/Applications/ForexForecast.app'>', codeSigningInfo='<_DVTCodeSigningInformation_Path: 0x60003ab260d0; isSigned='1', isAdHocSigned='0', signingCertificate='<DVTSigningCertificate: 0x600013ed9e00; name='Apple Development: Tochishita Haruki (4VAR6U574L)', hash='DE7B7D3EBED59EEA54912A9700041A1DFE22E8C1', serialNumber='281474C60721129FA90B8292A3EA6A2A', certificateKinds='(
    "1.2.840.113635.100.6.1.12",
    "1.2.840.113635.100.6.1.2"
), issueDate='2025-11-21 23:07:25 +0000''>', entitlements='{
    "application-identifier" = "8UT7U3MV6X.com.haruki.ForexForecast";
    "com.apple.developer.team-identifier" = 8UT7U3MV6X;
    "get-task-allow" = 1;
}', teamID='8UT7U3MV6X', identifier='com.haruki.ForexForecast', executablePath='<DVTFilePath:0x60005af501e0:'/Users/tochishitaharuki/Library/Developer/Xcode/Archives/2026-01-04/ForexForecast 2026-01-04, 12.13.xcarchive/Products/Applications/ForexForecast.app/ForexForecast'>', hardenedRuntime='1'>'> to: /var/folders/vn/0mx5d9117m109zfd180yswfm0000gq/T/XcodeDistPipeline.~~~3bzxPT/entitlements~~~LiW9tK
2026-01-04 03:14:02 +0000  invoking codesign: <NSConcreteTask: 0x60003abc8a50; launchPath='/usr/bin/codesign', arguments='(
    "-f",
    "-s",
    397833F4ADEBBB446476D5AEAE9B030A74DC6311,
    "--entitlements",
    "/var/folders/vn/0mx5d9117m109zfd180yswfm0000gq/T/XcodeDistPipeline.~~~3bzxPT/entitlements~~~LiW9tK",
    "--preserve-metadata=identifier,flags,runtime",
    "--generate-entitlement-der",
    "--strip-disallowed-xattrs",
    "-vvv",
    "/var/folders/vn/0mx5d9117m109zfd180yswfm0000gq/T/XcodeDistPipeline.~~~3bzxPT/Root/Payload/ForexForecast.app"
)'>
2026-01-04 03:14:02 +0000  codesign output: /var/folders/vn/0mx5d9117m109zfd180yswfm0000gq/T/XcodeDistPipeline.~~~3bzxPT/Root/Payload/ForexForecast.app: replacing existing signature
/var/folders/vn/0mx5d9117m109zfd180yswfm0000gq/T/XcodeDistPipeline.~~~3bzxPT/Root/Payload/ForexForecast.app: signed app bundle with Mach-O thin (arm64) [com.haruki.ForexForecast]
2026-01-04 03:14:02 +0000  Processing step: IDEDistributionZipODRItemStep
2026-01-04 03:14:02 +0000  Skipping step: IDEDistributionZipODRItemStep because it said so
2026-01-04 03:14:02 +0000  Processing step: IDEDistributionCreateIPAStep
2026-01-04 03:14:02 +0000  Running /usr/bin/ditto '-V' '-c' '-k' '--norsrc' '/var/folders/vn/0mx5d9117m109zfd180yswfm0000gq/T/XcodeDistPipeline.~~~3bzxPT/Root' '/var/folders/vn/0mx5d9117m109zfd180yswfm0000gq/T/XcodeDistPipeline.~~~3bzxPT/Packages/ForexForecast.ipa'
2026-01-04 03:14:02 +0000  >>> Copying /var/folders/vn/0mx5d9117m109zfd180yswfm0000gq/T/XcodeDistPipeline.~~~3bzxPT/Root 
2026-01-04 03:14:02 +0000  copying file ./Payload/ForexForecast.app/_CodeSignature/CodeResources ... 
2026-01-04 03:14:02 +0000  10997 bytes for ./Payload/ForexForecast.app/_CodeSignature/CodeResources
2026-01-04 03:14:02 +0000  copying file ./Payload/ForexForecast.app/Firebase_FirebaseCore.bundle/PrivacyInfo.xcprivacy ... 
2026-01-04 03:14:02 +0000  855 bytes for ./Payload/ForexForecast.app/Firebase_FirebaseCore.bundle/PrivacyInfo.xcprivacy
2026-01-04 03:14:02 +0000  copying file ./Payload/ForexForecast.app/Firebase_FirebaseCore.bundle/Info.plist ... 
2026-01-04 03:14:02 +0000  698 bytes for ./Payload/ForexForecast.app/Firebase_FirebaseCore.bundle/Info.plist
2026-01-04 03:14:02 +0000  copying file ./Payload/ForexForecast.app/nanopb_nanopb.bundle/PrivacyInfo.xcprivacy ... 
2026-01-04 03:14:02 +0000  374 bytes for ./Payload/ForexForecast.app/nanopb_nanopb.bundle/PrivacyInfo.xcprivacy
2026-01-04 03:14:02 +0000  copying file ./Payload/ForexForecast.app/nanopb_nanopb.bundle/Info.plist ... 
2026-01-04 03:14:02 +0000  672 bytes for ./Payload/ForexForecast.app/nanopb_nanopb.bundle/Info.plist
2026-01-04 03:14:02 +0000  copying file ./Payload/ForexForecast.app/GoogleUtilities_GoogleUtilities-AppDelegateSwizzler.bundle/PrivacyInfo.xcprivacy ... 
2026-01-04 03:14:02 +0000  478 bytes for ./Payload/ForexForecast.app/GoogleUtilities_GoogleUtilities-AppDelegateSwizzler.bundle/PrivacyInfo.xcprivacy
2026-01-04 03:14:02 +0000  copying file ./Payload/ForexForecast.app/GoogleUtilities_GoogleUtilities-AppDelegateSwizzler.bundle/Info.plist ... 
2026-01-04 03:14:02 +0000  750 bytes for ./Payload/ForexForecast.app/GoogleUtilities_GoogleUtilities-AppDelegateSwizzler.bundle/Info.plist
2026-01-04 03:14:02 +0000  copying file ./Payload/ForexForecast.app/GoogleUtilities_GoogleUtilities-NSData.bundle/PrivacyInfo.xcprivacy ... 
2026-01-04 03:14:02 +0000  478 bytes for ./Payload/ForexForecast.app/GoogleUtilities_GoogleUtilities-NSData.bundle/PrivacyInfo.xcprivacy
2026-01-04 03:14:02 +0000  copying file ./Payload/ForexForecast.app/GoogleUtilities_GoogleUtilities-NSData.bundle/Info.plist ... 
2026-01-04 03:14:02 +0000  724 bytes for ./Payload/ForexForecast.app/GoogleUtilities_GoogleUtilities-NSData.bundle/Info.plist
2026-01-04 03:14:02 +0000  copying file ./Payload/ForexForecast.app/Firebase_FirebaseInstallations.bundle/PrivacyInfo.xcprivacy ... 
2026-01-04 03:14:02 +0000  1105 bytes for ./Payload/ForexForecast.app/Firebase_FirebaseInstallations.bundle/PrivacyInfo.xcprivacy
2026-01-04 03:14:02 +0000  copying file ./Payload/ForexForecast.app/Firebase_FirebaseInstallations.bundle/Info.plist ... 
2026-01-04 03:14:02 +0000  716 bytes for ./Payload/ForexForecast.app/Firebase_FirebaseInstallations.bundle/Info.plist
2026-01-04 03:14:02 +0000  copying file ./Payload/ForexForecast.app/lightweight-charts.js ... 
2026-01-04 03:14:02 +0000  160094 bytes for ./Payload/ForexForecast.app/lightweight-charts.js
2026-01-04 03:14:02 +0000  copying file ./Payload/ForexForecast.app/Firebase_FirebaseCoreInternal.bundle/PrivacyInfo.xcprivacy ... 
2026-01-04 03:14:02 +0000  855 bytes for ./Payload/ForexForecast.app/Firebase_FirebaseCoreInternal.bundle/PrivacyInfo.xcprivacy
2026-01-04 03:14:02 +0000  copying file ./Payload/ForexForecast.app/Firebase_FirebaseCoreInternal.bundle/Info.plist ... 
2026-01-04 03:14:02 +0000  714 bytes for ./Payload/ForexForecast.app/Firebase_FirebaseCoreInternal.bundle/Info.plist
2026-01-04 03:14:02 +0000  copying file ./Payload/ForexForecast.app/GoogleUtilities_GoogleUtilities-Logger.bundle/PrivacyInfo.xcprivacy ... 
2026-01-04 03:14:02 +0000  478 bytes for ./Payload/ForexForecast.app/GoogleUtilities_GoogleUtilities-Logger.bundle/PrivacyInfo.xcprivacy
2026-01-04 03:14:02 +0000  copying file ./Payload/ForexForecast.app/GoogleUtilities_GoogleUtilities-Logger.bundle/Info.plist ... 
2026-01-04 03:14:02 +0000  724 bytes for ./Payload/ForexForecast.app/GoogleUtilities_GoogleUtilities-Logger.bundle/Info.plist
2026-01-04 03:14:02 +0000  copying file ./Payload/ForexForecast.app/GoogleUtilities_GoogleUtilities-Reachability.bundle/PrivacyInfo.xcprivacy ... 
2026-01-04 03:14:02 +0000  478 bytes for ./Payload/ForexForecast.app/GoogleUtilities_GoogleUtilities-Reachability.bundle/PrivacyInfo.xcprivacy
2026-01-04 03:14:02 +0000  copying file ./Payload/ForexForecast.app/GoogleUtilities_GoogleUtilities-Reachability.bundle/Info.plist ... 
2026-01-04 03:14:02 +0000  736 bytes for ./Payload/ForexForecast.app/GoogleUtilities_GoogleUtilities-Reachability.bundle/Info.plist
2026-01-04 03:14:02 +0000  copying file ./Payload/ForexForecast.app/Firebase_FirebaseMessaging.bundle/PrivacyInfo.xcprivacy ... 
2026-01-04 03:14:02 +0000  2357 bytes for ./Payload/ForexForecast.app/Firebase_FirebaseMessaging.bundle/PrivacyInfo.xcprivacy
2026-01-04 03:14:02 +0000  copying file ./Payload/ForexForecast.app/Firebase_FirebaseMessaging.bundle/Info.plist ... 
2026-01-04 03:14:02 +0000  708 bytes for ./Payload/ForexForecast.app/Firebase_FirebaseMessaging.bundle/Info.plist
2026-01-04 03:14:02 +0000  copying file ./Payload/ForexForecast.app/GoogleService-Info.plist ... 
2026-01-04 03:14:02 +0000  480 bytes for ./Payload/ForexForecast.app/GoogleService-Info.plist
2026-01-04 03:14:02 +0000  copying file ./Payload/ForexForecast.app/GoogleDataTransport_GoogleDataTransport.bundle/PrivacyInfo.xcprivacy ... 
2026-01-04 03:14:02 +0000  1105 bytes for ./Payload/ForexForecast.app/GoogleDataTransport_GoogleDataTransport.bundle/PrivacyInfo.xcprivacy
2026-01-04 03:14:02 +0000  copying file ./Payload/ForexForecast.app/GoogleDataTransport_GoogleDataTransport.bundle/Info.plist ... 
2026-01-04 03:14:02 +0000  726 bytes for ./Payload/ForexForecast.app/GoogleDataTransport_GoogleDataTransport.bundle/Info.plist
2026-01-04 03:14:02 +0000  copying file ./Payload/ForexForecast.app/Promises_FBLPromises.bundle/PrivacyInfo.xcprivacy ... 
2026-01-04 03:14:02 +0000  373 bytes for ./Payload/ForexForecast.app/Promises_FBLPromises.bundle/PrivacyInfo.xcprivacy
2026-01-04 03:14:02 +0000  copying file ./Payload/ForexForecast.app/Promises_FBLPromises.bundle/Info.plist ... 
2026-01-04 03:14:02 +0000  688 bytes for ./Payload/ForexForecast.app/Promises_FBLPromises.bundle/Info.plist
2026-01-04 03:14:02 +0000  copying file ./Payload/ForexForecast.app/GoogleUtilities_GoogleUtilities-Network.bundle/PrivacyInfo.xcprivacy ... 
2026-01-04 03:14:02 +0000  856 bytes for ./Payload/ForexForecast.app/GoogleUtilities_GoogleUtilities-Network.bundle/PrivacyInfo.xcprivacy
2026-01-04 03:14:02 +0000  copying file ./Payload/ForexForecast.app/GoogleUtilities_GoogleUtilities-Network.bundle/Info.plist ... 
2026-01-04 03:14:02 +0000  726 bytes for ./Payload/ForexForecast.app/GoogleUtilities_GoogleUtilities-Network.bundle/Info.plist
2026-01-04 03:14:02 +0000  copying file ./Payload/ForexForecast.app/ForexForecast ... 
2026-01-04 03:14:02 +0000  993712 bytes for ./Payload/ForexForecast.app/ForexForecast
2026-01-04 03:14:02 +0000  copying file ./Payload/ForexForecast.app/GoogleUtilities_GoogleUtilities-UserDefaults.bundle/PrivacyInfo.xcprivacy ... 
2026-01-04 03:14:02 +0000  911 bytes for ./Payload/ForexForecast.app/GoogleUtilities_GoogleUtilities-UserDefaults.bundle/PrivacyInfo.xcprivacy
2026-01-04 03:14:02 +0000  copying file ./Payload/ForexForecast.app/GoogleUtilities_GoogleUtilities-UserDefaults.bundle/Info.plist ... 
2026-01-04 03:14:02 +0000  736 bytes for ./Payload/ForexForecast.app/GoogleUtilities_GoogleUtilities-UserDefaults.bundle/Info.plist
2026-01-04 03:14:02 +0000  copying file ./Payload/ForexForecast.app/GoogleUtilities_GoogleUtilities-Environment.bundle/PrivacyInfo.xcprivacy ... 
2026-01-04 03:14:02 +0000  855 bytes for ./Payload/ForexForecast.app/GoogleUtilities_GoogleUtilities-Environment.bundle/PrivacyInfo.xcprivacy
2026-01-04 03:14:02 +0000  copying file ./Payload/ForexForecast.app/GoogleUtilities_GoogleUtilities-Environment.bundle/Info.plist ... 
2026-01-04 03:14:02 +0000  734 bytes for ./Payload/ForexForecast.app/GoogleUtilities_GoogleUtilities-Environment.bundle/Info.plist
2026-01-04 03:14:02 +0000  copying file ./Payload/ForexForecast.app/embedded.mobileprovision ... 
2026-01-04 03:14:02 +0000  16448 bytes for ./Payload/ForexForecast.app/embedded.mobileprovision
2026-01-04 03:14:02 +0000  copying file ./Payload/ForexForecast.app/Info.plist ... 
2026-01-04 03:14:02 +0000  1305 bytes for ./Payload/ForexForecast.app/Info.plist
2026-01-04 03:14:02 +0000  copying file ./Payload/ForexForecast.app/PkgInfo ... 
2026-01-04 03:14:02 +0000  8 bytes for ./Payload/ForexForecast.app/PkgInfo
2026-01-04 03:14:02 +0000  /usr/bin/ditto exited with 0
2026-01-04 03:14:02 +0000  Processing step: IDEDistributionAppStoreInformationStep
2026-01-04 03:14:02 +0000  Skipping step: IDEDistributionAppStoreInformationStep because it said so
2026-01-04 03:14:02 +0000  Processing step: IDEDistributionGenerateProcessedDistributionItems
2026-01-04 03:14:02 +0000  IDEDistributionItem init <DVTFilePath:0x600026335420:'/var/folders/vn/0mx5d9117m109zfd180yswfm0000gq/T/XcodeDistPipeline.~~~3bzxPT/Root/Payload/ForexForecast.app'>
2026-01-04 03:14:02 +0000  Processing step: IDEDistributionCreateManifestStep
